// Jest Snapshot v1, https://goo.gl/fbAQLP

exports[`NewPasswordSidebar UI tests should render correctly 1`] = `
<div>
  <div
    class="new-password"
  >
    <h3
      class="new-password__title"
    >
      New Password
    </h3>
    <form
      action="#"
    >
      <p
        class="new-password__name"
      >
        New Password
      </p>
      <div
        class="sidebar__field-wrapper"
      >
        <input
          class="new-password__field"
          name="password"
          type="password"
        />
        <span
          aria-label="eye"
          class="anticon anticon-eye sidebar__eye-icon"
          role="img"
          tabindex="-1"
        >
          <svg
            aria-hidden="true"
            data-icon="eye"
            fill="currentColor"
            focusable="false"
            height="1em"
            viewBox="64 64 896 896"
            width="1em"
          >
            <path
              d="M942.2 486.2C847.4 286.5 704.1 186 512 186c-192.2 0-335.4 100.5-430.2 300.3a60.3 60.3 0 000 51.5C176.6 737.5 319.9 838 512 838c192.2 0 335.4-100.5 430.2-300.3 7.7-16.2 7.7-35 0-51.5zM512 766c-161.3 0-279.4-81.8-362.7-254C232.6 339.8 350.7 258 512 258c161.3 0 279.4 81.8 362.7 254C791.5 684.2 673.4 766 512 766zm-4-430c-97.2 0-176 78.8-176 176s78.8 176 176 176 176-78.8 176-176-78.8-176-176-176zm0 288c-61.9 0-112-50.1-112-112s50.1-112 112-112 112 50.1 112 112-50.1 112-112 112z"
            />
          </svg>
        </span>
      </div>
      <div
        class="sidebar__error-indicator "
      >
        <span
          aria-label="exclamation-circle"
          class="anticon anticon-exclamation-circle sidebar__error-icon"
          role="img"
        >
          <svg
            aria-hidden="true"
            data-icon="exclamation-circle"
            fill="currentColor"
            focusable="false"
            height="1em"
            viewBox="64 64 896 896"
            width="1em"
          >
            <path
              d="M512 64C264.6 64 64 264.6 64 512s200.6 448 448 448 448-200.6 448-448S759.4 64 512 64zm0 820c-205.4 0-372-166.6-372-372s166.6-372 372-372 372 166.6 372 372-166.6 372-372 372z"
            />
            <path
              d="M464 688a48 48 0 1096 0 48 48 0 10-96 0zm24-112h48c4.4 0 8-3.6 8-8V296c0-4.4-3.6-8-8-8h-48c-4.4 0-8 3.6-8 8v272c0 4.4 3.6 8 8 8z"
            />
          </svg>
        </span>
      </div>
      <div
        class="new-password__block"
      >
        <p
          class="new-password__name"
        >
          Confirm Password
        </p>
        <input
          class="new-password__field"
          name="confirmPassword"
          type="password"
          value=""
        />
        <div
          class="sidebar__error-indicator "
        >
          <span
            aria-label="exclamation-circle"
            class="anticon anticon-exclamation-circle sidebar__error-icon"
            role="img"
          >
            <svg
              aria-hidden="true"
              data-icon="exclamation-circle"
              fill="currentColor"
              focusable="false"
              height="1em"
              viewBox="64 64 896 896"
              width="1em"
            >
              <path
                d="M512 64C264.6 64 64 264.6 64 512s200.6 448 448 448 448-200.6 448-448S759.4 64 512 64zm0 820c-205.4 0-372-166.6-372-372s166.6-372 372-372 372 166.6 372 372-166.6 372-372 372z"
              />
              <path
                d="M464 688a48 48 0 1096 0 48 48 0 10-96 0zm24-112h48c4.4 0 8-3.6 8-8V296c0-4.4-3.6-8-8-8h-48c-4.4 0-8 3.6-8 8v272c0 4.4 3.6 8 8 8z"
              />
            </svg>
          </span>
        </div>
      </div>
      <button
        class="ant-btn ant-btn-default new-password__btn"
        disabled=""
        type="submit"
      >
        <span>
          Save
        </span>
      </button>
    </form>
  </div>
</div>
`;
